---
http_interactions:
- request:
    method: post
    uri: https://api.stripe.com/v1/tokens
    body:
      encoding: UTF-8
      string: card[number]=4242424242424242&card[exp_month]=12&card[exp_year]=2019&card[cvc]=123
    headers:
      User-Agent:
      - Stripe/v1 RubyBindings/3.9.2
      Authorization:
      - Bearer sk_test_JYrSngeaB6dFnfYWEII1vZaD
      Content-Type:
      - application/x-www-form-urlencoded
      X-Stripe-Client-User-Agent:
      - '{"bindings_version":"3.9.2","lang":"ruby","lang_version":"2.5.0 p0 (2017-12-25)","platform":"x86_64-darwin17","engine":"ruby","publisher":"stripe","uname":"Darwin
        MacBook-Pro-Alexander.local 17.4.0 Darwin Kernel Version 17.4.0: Sun Dec 17
        09:19:54 PST 2017; root:xnu-4570.41.2~1/RELEASE_X86_64 x86_64","hostname":"MacBook-Pro-Alexander.local"}'
      Accept-Encoding:
      - gzip;q=1.0,deflate;q=0.6,identity;q=0.3
      Accept:
      - "*/*"
  response:
    status:
      code: 200
      message: OK
    headers:
      Server:
      - nginx
      Date:
      - Thu, 15 Mar 2018 15:02:01 GMT
      Content-Type:
      - application/json
      Content-Length:
      - '780'
      Connection:
      - keep-alive
      Access-Control-Allow-Credentials:
      - 'true'
      Access-Control-Allow-Methods:
      - GET, POST, HEAD, OPTIONS, DELETE
      Access-Control-Allow-Origin:
      - "*"
      Access-Control-Expose-Headers:
      - Request-Id, Stripe-Manage-Version, X-Stripe-External-Auth-Required, X-Stripe-Privileged-Session-Required
      Access-Control-Max-Age:
      - '300'
      Cache-Control:
      - no-cache, no-store
      Request-Id:
      - req_bAT43XggoqFftx
      Stripe-Version:
      - '2018-02-06'
      Strict-Transport-Security:
      - max-age=31556926; includeSubDomains; preload
    body:
      encoding: UTF-8
      string: |
        {
          "id": "tok_1C5xafG9Bw4keQMblnbkFO4m",
          "object": "token",
          "card": {
            "id": "card_1C5xafG9Bw4keQMbC33m6jRJ",
            "object": "card",
            "address_city": null,
            "address_country": null,
            "address_line1": null,
            "address_line1_check": null,
            "address_line2": null,
            "address_state": null,
            "address_zip": null,
            "address_zip_check": null,
            "brand": "Visa",
            "country": "US",
            "cvc_check": "unchecked",
            "dynamic_last4": null,
            "exp_month": 12,
            "exp_year": 2019,
            "fingerprint": "GX3g3BXI6WxEKoWQ",
            "funding": "credit",
            "last4": "4242",
            "metadata": {},
            "name": null,
            "tokenization_method": null
          },
          "client_ip": "31.31.107.53",
          "created": 1521126121,
          "livemode": false,
          "type": "card",
          "used": false
        }
    http_version: 
  recorded_at: Thu, 15 Mar 2018 15:02:01 GMT
- request:
    method: post
    uri: https://api.stripe.com/v1/customers
    body:
      encoding: UTF-8
      string: email=test%40example.com
    headers:
      User-Agent:
      - Stripe/v1 RubyBindings/3.9.2
      Authorization:
      - Bearer sk_test_JYrSngeaB6dFnfYWEII1vZaD
      Content-Type:
      - application/x-www-form-urlencoded
      X-Stripe-Client-User-Agent:
      - '{"bindings_version":"3.9.2","lang":"ruby","lang_version":"2.5.0 p0 (2017-12-25)","platform":"x86_64-darwin17","engine":"ruby","publisher":"stripe","uname":"Darwin
        MacBook-Pro-Alexander.local 17.4.0 Darwin Kernel Version 17.4.0: Sun Dec 17
        09:19:54 PST 2017; root:xnu-4570.41.2~1/RELEASE_X86_64 x86_64","hostname":"MacBook-Pro-Alexander.local"}'
      Accept-Encoding:
      - gzip;q=1.0,deflate;q=0.6,identity;q=0.3
      Accept:
      - "*/*"
  response:
    status:
      code: 200
      message: OK
    headers:
      Server:
      - nginx
      Date:
      - Thu, 15 Mar 2018 15:02:02 GMT
      Content-Type:
      - application/json
      Content-Length:
      - '665'
      Connection:
      - keep-alive
      Access-Control-Allow-Credentials:
      - 'true'
      Access-Control-Allow-Methods:
      - GET, POST, HEAD, OPTIONS, DELETE
      Access-Control-Allow-Origin:
      - "*"
      Access-Control-Expose-Headers:
      - Request-Id, Stripe-Manage-Version, X-Stripe-External-Auth-Required, X-Stripe-Privileged-Session-Required
      Access-Control-Max-Age:
      - '300'
      Cache-Control:
      - no-cache, no-store
      Request-Id:
      - req_IGbjgW8DLTc15z
      Stripe-Version:
      - '2018-02-06'
      Strict-Transport-Security:
      - max-age=31556926; includeSubDomains; preload
    body:
      encoding: UTF-8
      string: |
        {
          "id": "cus_CUxV4ylH63xysh",
          "object": "customer",
          "account_balance": 0,
          "created": 1521126122,
          "currency": null,
          "default_source": null,
          "delinquent": false,
          "description": null,
          "discount": null,
          "email": "test@example.com",
          "invoice_prefix": "F688307",
          "livemode": false,
          "metadata": {},
          "shipping": null,
          "sources": {
            "object": "list",
            "data": [],
            "has_more": false,
            "total_count": 0,
            "url": "/v1/customers/cus_CUxV4ylH63xysh/sources"
          },
          "subscriptions": {
            "object": "list",
            "data": [],
            "has_more": false,
            "total_count": 0,
            "url": "/v1/customers/cus_CUxV4ylH63xysh/subscriptions"
          }
        }
    http_version: 
  recorded_at: Thu, 15 Mar 2018 15:02:02 GMT
- request:
    method: post
    uri: https://api.stripe.com/v1/customers/cus_CUxV4ylH63xysh
    body:
      encoding: UTF-8
      string: source=tok_1C5xafG9Bw4keQMblnbkFO4m
    headers:
      User-Agent:
      - Stripe/v1 RubyBindings/3.9.2
      Authorization:
      - Bearer sk_test_JYrSngeaB6dFnfYWEII1vZaD
      Content-Type:
      - application/x-www-form-urlencoded
      X-Stripe-Client-User-Agent:
      - '{"bindings_version":"3.9.2","lang":"ruby","lang_version":"2.5.0 p0 (2017-12-25)","platform":"x86_64-darwin17","engine":"ruby","publisher":"stripe","uname":"Darwin
        MacBook-Pro-Alexander.local 17.4.0 Darwin Kernel Version 17.4.0: Sun Dec 17
        09:19:54 PST 2017; root:xnu-4570.41.2~1/RELEASE_X86_64 x86_64","hostname":"MacBook-Pro-Alexander.local"}'
      Accept-Encoding:
      - gzip;q=1.0,deflate;q=0.6,identity;q=0.3
      Accept:
      - "*/*"
  response:
    status:
      code: 200
      message: OK
    headers:
      Server:
      - nginx
      Date:
      - Thu, 15 Mar 2018 15:02:03 GMT
      Content-Type:
      - application/json
      Content-Length:
      - '1425'
      Connection:
      - keep-alive
      Access-Control-Allow-Credentials:
      - 'true'
      Access-Control-Allow-Methods:
      - GET, POST, HEAD, OPTIONS, DELETE
      Access-Control-Allow-Origin:
      - "*"
      Access-Control-Expose-Headers:
      - Request-Id, Stripe-Manage-Version, X-Stripe-External-Auth-Required, X-Stripe-Privileged-Session-Required
      Access-Control-Max-Age:
      - '300'
      Cache-Control:
      - no-cache, no-store
      Request-Id:
      - req_I6Zh80LJswrQP9
      Stripe-Version:
      - '2018-02-06'
      Strict-Transport-Security:
      - max-age=31556926; includeSubDomains; preload
    body:
      encoding: UTF-8
      string: |
        {
          "id": "cus_CUxV4ylH63xysh",
          "object": "customer",
          "account_balance": 0,
          "created": 1521126122,
          "currency": null,
          "default_source": "card_1C5xafG9Bw4keQMbC33m6jRJ",
          "delinquent": false,
          "description": null,
          "discount": null,
          "email": "test@example.com",
          "invoice_prefix": "F688307",
          "livemode": false,
          "metadata": {},
          "shipping": null,
          "sources": {
            "object": "list",
            "data": [
              {
                "id": "card_1C5xafG9Bw4keQMbC33m6jRJ",
                "object": "card",
                "address_city": null,
                "address_country": null,
                "address_line1": null,
                "address_line1_check": null,
                "address_line2": null,
                "address_state": null,
                "address_zip": null,
                "address_zip_check": null,
                "brand": "Visa",
                "country": "US",
                "customer": "cus_CUxV4ylH63xysh",
                "cvc_check": "pass",
                "dynamic_last4": null,
                "exp_month": 12,
                "exp_year": 2019,
                "fingerprint": "GX3g3BXI6WxEKoWQ",
                "funding": "credit",
                "last4": "4242",
                "metadata": {},
                "name": null,
                "tokenization_method": null
              }
            ],
            "has_more": false,
            "total_count": 1,
            "url": "/v1/customers/cus_CUxV4ylH63xysh/sources"
          },
          "subscriptions": {
            "object": "list",
            "data": [],
            "has_more": false,
            "total_count": 0,
            "url": "/v1/customers/cus_CUxV4ylH63xysh/subscriptions"
          }
        }
    http_version: 
  recorded_at: Thu, 15 Mar 2018 15:02:03 GMT
- request:
    method: post
    uri: https://api.stripe.com/v1/customers/cus_CUxV4ylH63xysh/subscriptions
    body:
      encoding: UTF-8
      string: plan=orchestra_monthly
    headers:
      User-Agent:
      - Stripe/v1 RubyBindings/3.9.2
      Authorization:
      - Bearer sk_test_JYrSngeaB6dFnfYWEII1vZaD
      Content-Type:
      - application/x-www-form-urlencoded
      X-Stripe-Client-User-Agent:
      - '{"bindings_version":"3.9.2","lang":"ruby","lang_version":"2.5.0 p0 (2017-12-25)","platform":"x86_64-darwin17","engine":"ruby","publisher":"stripe","uname":"Darwin
        MacBook-Pro-Alexander.local 17.4.0 Darwin Kernel Version 17.4.0: Sun Dec 17
        09:19:54 PST 2017; root:xnu-4570.41.2~1/RELEASE_X86_64 x86_64","hostname":"MacBook-Pro-Alexander.local"}'
      Accept-Encoding:
      - gzip;q=1.0,deflate;q=0.6,identity;q=0.3
      Accept:
      - "*/*"
  response:
    status:
      code: 200
      message: OK
    headers:
      Server:
      - nginx
      Date:
      - Thu, 15 Mar 2018 15:02:13 GMT
      Content-Type:
      - application/json
      Content-Length:
      - '1745'
      Connection:
      - keep-alive
      Access-Control-Allow-Credentials:
      - 'true'
      Access-Control-Allow-Methods:
      - GET, POST, HEAD, OPTIONS, DELETE
      Access-Control-Allow-Origin:
      - "*"
      Access-Control-Expose-Headers:
      - Request-Id, Stripe-Manage-Version, X-Stripe-External-Auth-Required, X-Stripe-Privileged-Session-Required
      Access-Control-Max-Age:
      - '300'
      Cache-Control:
      - no-cache, no-store
      Request-Id:
      - req_cS7Y5loCUoIkNc
      Stripe-Version:
      - '2018-02-06'
      Strict-Transport-Security:
      - max-age=31556926; includeSubDomains; preload
    body:
      encoding: UTF-8
      string: |
        {
          "id": "sub_CUxVyUdJCE9rAD",
          "object": "subscription",
          "application_fee_percent": null,
          "billing": "charge_automatically",
          "billing_cycle_anchor": 1521126131,
          "cancel_at_period_end": false,
          "canceled_at": null,
          "created": 1521126131,
          "current_period_end": 1523804531,
          "current_period_start": 1521126131,
          "customer": "cus_CUxV4ylH63xysh",
          "days_until_due": null,
          "discount": null,
          "ended_at": null,
          "items": {
            "object": "list",
            "data": [
              {
                "id": "si_CUxVxYHtxtqMDC",
                "object": "subscription_item",
                "created": 1521126132,
                "metadata": {},
                "plan": {
                  "id": "orchestra_monthly",
                  "object": "plan",
                  "amount": 10000,
                  "created": 1521125550,
                  "currency": "usd",
                  "interval": "month",
                  "interval_count": 1,
                  "livemode": false,
                  "metadata": {},
                  "nickname": "Orchestra Monthly",
                  "product": "prod_CUxMHgqubz1jrn",
                  "trial_period_days": null
                },
                "quantity": 1,
                "subscription": "sub_CUxVyUdJCE9rAD"
              }
            ],
            "has_more": false,
            "total_count": 1,
            "url": "/v1/subscription_items?subscription=sub_CUxVyUdJCE9rAD"
          },
          "livemode": false,
          "metadata": {},
          "plan": {
            "id": "orchestra_monthly",
            "object": "plan",
            "amount": 10000,
            "created": 1521125550,
            "currency": "usd",
            "interval": "month",
            "interval_count": 1,
            "livemode": false,
            "metadata": {},
            "nickname": "Orchestra Monthly",
            "product": "prod_CUxMHgqubz1jrn",
            "trial_period_days": null
          },
          "quantity": 1,
          "start": 1521126131,
          "status": "active",
          "tax_percent": null,
          "trial_end": null,
          "trial_start": null
        }
    http_version: 
  recorded_at: Thu, 15 Mar 2018 15:02:13 GMT
recorded_with: VCR 4.0.0
